running 45 parameter combinations on the gbm model

  [ 1/45] thr 0.50 top 1 stop 1.0ATR    922 trades  return   43.06%  sharpe  0.42
  [ 2/45] thr 0.50 top 1 stop 1.5ATR    923 trades  return   31.61%  sharpe  0.39
  [ 3/45] thr 0.50 top 1 stop 2.0ATR    930 trades  return   11.88%  sharpe  0.21
  [ 4/45] thr 0.50 top 3 stop 1.0ATR   1050 trades  return   65.61%  sharpe  0.57
  [ 5/45] thr 0.50 top 3 stop 1.5ATR    990 trades  return   46.95%  sharpe  0.50
  [ 6/45] thr 0.50 top 3 stop 2.0ATR    975 trades  return   18.16%  sharpe  0.27
  [ 7/45] thr 0.50 top 5 stop 1.0ATR   1091 trades  return   61.58%  sharpe  0.54
  [ 8/45] thr 0.50 top 5 stop 1.5ATR   1010 trades  return   54.73%  sharpe  0.57
  [ 9/45] thr 0.50 top 5 stop 2.0ATR    985 trades  return   22.88%  sharpe  0.32
  [10/45] thr 0.52 top 1 stop 1.0ATR    882 trades  return   31.08%  sharpe  0.34
  [11/45] thr 0.52 top 1 stop 1.5ATR    904 trades  return   32.63%  sharpe  0.40
  [12/45] thr 0.52 top 1 stop 2.0ATR    896 trades  return   31.69%  sharpe  0.44
  [13/45] thr 0.52 top 3 stop 1.0ATR   1036 trades  return   48.43%  sharpe  0.46
  [14/45] thr 0.52 top 3 stop 1.5ATR    967 trades  return   50.71%  sharpe  0.54
  [15/45] thr 0.52 top 3 stop 2.0ATR    950 trades  return   13.35%  sharpe  0.22
  [16/45] thr 0.52 top 5 stop 1.0ATR   1064 trades  return   55.00%  sharpe  0.51
  [17/45] thr 0.52 top 5 stop 1.5ATR    973 trades  return   52.31%  sharpe  0.55
  [18/45] thr 0.52 top 5 stop 2.0ATR    957 trades  return   21.67%  sharpe  0.31
  [19/45] thr 0.55 top 1 stop 1.0ATR    828 trades  return   29.48%  sharpe  0.33
  [20/45] thr 0.55 top 1 stop 1.5ATR    846 trades  return   21.33%  sharpe  0.30
  [21/45] thr 0.55 top 1 stop 2.0ATR    850 trades  return   23.10%  sharpe  0.34
  [22/45] thr 0.55 top 3 stop 1.0ATR    964 trades  return   39.73%  sharpe  0.41
  [23/45] thr 0.55 top 3 stop 1.5ATR    920 trades  return   31.82%  sharpe  0.38
  [24/45] thr 0.55 top 3 stop 2.0ATR    896 trades  return   12.43%  sharpe  0.21
  [25/45] thr 0.55 top 5 stop 1.0ATR    995 trades  return   43.66%  sharpe  0.44
  [26/45] thr 0.55 top 5 stop 1.5ATR    923 trades  return   39.16%  sharpe  0.45
  [27/45] thr 0.55 top 5 stop 2.0ATR    901 trades  return   12.29%  sharpe  0.21
  [28/45] thr 0.58 top 1 stop 1.0ATR    786 trades  return   55.93%  sharpe  0.52
  [29/45] thr 0.58 top 1 stop 1.5ATR    777 trades  return   29.85%  sharpe  0.39
  [30/45] thr 0.58 top 1 stop 2.0ATR    793 trades  return   32.34%  sharpe  0.44
  [31/45] thr 0.58 top 3 stop 1.0ATR    907 trades  return   49.89%  sharpe  0.48
  [32/45] thr 0.58 top 3 stop 1.5ATR    849 trades  return   40.05%  sharpe  0.47
  [33/45] thr 0.58 top 3 stop 2.0ATR    840 trades  return   20.42%  sharpe  0.31
  [34/45] thr 0.58 top 5 stop 1.0ATR    912 trades  return   46.98%  sharpe  0.46
  [35/45] thr 0.58 top 5 stop 1.5ATR    862 trades  return   51.10%  sharpe  0.57
  [36/45] thr 0.58 top 5 stop 2.0ATR    845 trades  return   22.07%  sharpe  0.33
  [37/45] thr 0.60 top 1 stop 1.0ATR    718 trades  return   68.77%  sharpe  0.60
  [38/45] thr 0.60 top 1 stop 1.5ATR    725 trades  return   44.03%  sharpe  0.52
  [39/45] thr 0.60 top 1 stop 2.0ATR    733 trades  return   29.34%  sharpe  0.42
  [40/45] thr 0.60 top 3 stop 1.0ATR    847 trades  return   84.37%  sharpe  0.69
  [41/45] thr 0.60 top 3 stop 1.5ATR    794 trades  return   88.60%  sharpe  0.83
  [42/45] thr 0.60 top 3 stop 2.0ATR    792 trades  return   31.04%  sharpe  0.44
  [43/45] thr 0.60 top 5 stop 1.0ATR    867 trades  return   78.74%  sharpe  0.66
  [44/45] thr 0.60 top 5 stop 1.5ATR    795 trades  return   80.23%  sharpe  0.78
  [45/45] thr 0.60 top 5 stop 2.0ATR    795 trades  return   27.50%  sharpe  0.40

==========================================================================
ROBUSTNESS ACROSS ARBITRARY PARAMETER CHOICES
==========================================================================
variants tested                       45
best total return                 88.60%
worst total return                11.88%
median total return               39.16%
spread (best - worst)             76.72 pts
variants losing money              0 of 45
variants beating SPY (204%)        0 of 45
sharpe range                       0.21 to 0.83
median costs / gross              54.2%

The best variant (threshold 0.6, top 3, stop 1.5 ATR) returned 88.6%.
That is the number a less careful write-up would report as 'the result'.
It is the maximum of 45 variants, and the multiple-comparison
correction in R/validate.R exists precisely to discount it.

SENSITIVITY BY PARAMETER (median total return)
  threshold    0.5=   43.1%  0.52=   32.6%  0.55=   29.5%  0.58=   40.1%  0.6=   68.8%
  top_n        1=   31.6%  3=   40.1%  5=   47.0%
  stop_atr     1.0=   49.9%  1.5=   44.0%  2.0=   22.1%

wrote reports/sensitivity.csv
